[['LAPHA_DEM01', 'USEBENZA_V', 'KHONA_PRON15'], ['Imibuzo_N04', 'neempendulo_P'], ['Iyini_COP', 'i-_N', 'GEP_ADV', '?_PUNCT'], ['IGauteng_N05', 'Enterprise_V', 'Propeller_N', '(_PUNCT', 'i-GEP_ADV', ')_PUNCT', 'yi-Ejensi_N', 'eyahlonywa_V', 'mBuso_N03', 'wePhrovinsi_V', 'yeGauteng_LOC', ',_PUNCT', 'ngaphasi_P', 'kwesekelo_N07', 'lomNyango_LOC', 'wokuThuthukisa_V', 'zomNotho_N03', ',_PUNCT', 'ngokwegunya_V', 'elibunqopha_V', 'lokunikela_V', 'ama-SMME_V', 'isekelo_ADV', 'kanye_ADV', 'netuthuko_P', 'ePhrovinsini_LOC', 'yeGauteng_LOC', 'Province_V', 'ngokweemali_P', 'kanye_ADV', 'nalokho_ADV', 'okungafaki_V', 'iimali_COP', '._PUNCT'], ['Kubayini_COP', 'kwahlonywa_V', 'i-GEP_ADV', '?_PUNCT']]