[[('LAPHA', 'DEM01'), ('USEBENZA', 'V'), ('KHONA', 'PRON15')], [('Imibuzo', 'N04'), ('neempendulo', 'P')], [('Iyini', 'COP'), ('i-', 'N'), ('GEP', 'ADV'), ('?', 'PUNCT')], [('IGauteng', 'N05'), ('Enterprise', 'V'), ('Propeller', 'N'), ('(', 'PUNCT'), ('i-GEP', 'ADV'), (')', 'PUNCT'), ('yi-Ejensi', 'N'), ('eyahlonywa', 'V'), ('mBuso', 'N03'), ('wePhrovinsi', 'V'), ('yeGauteng', 'LOC'), (',', 'PUNCT'), ('ngaphasi', 'P'), ('kwesekelo', 'N07'), ('lomNyango', 'LOC'), ('wokuThuthukisa', 'V'), ('zomNotho', 'N03'), (',', 'PUNCT'), ('ngokwegunya', 'V'), ('elibunqopha', 'V'), ('lokunikela', 'V'), ('ama-SMME', 'V'), ('isekelo', 'ADV'), ('kanye', 'ADV'), ('netuthuko', 'P'), ('ePhrovinsini', 'LOC'), ('yeGauteng', 'LOC'), ('Province', 'V'), ('ngokweemali', 'P'), ('kanye', 'ADV'), ('nalokho', 'ADV'), ('okungafaki', 'V'), ('iimali', 'COP'), ('.', 'PUNCT')], [('Kubayini', 'COP'), ('kwahlonywa', 'V'), ('i-GEP', 'ADV'), ('?', 'PUNCT')]]