[['RE_N09', 'A_CPOSS06', 'GO_INF', 'DIRELA_V'], ['Dipotšišo_N10', 'le_CONJ', 'Dikarabo_N10'], ['Naa_PARTQUE', 'Sehlongwatlhabollo_N07', 'sa_CPOSS07', 'Dikgwebo_N10', 'sa_CPOSS07', 'Gauteng_N09', '(_ZPL', 'GEP_RV', ')_ZPR', 'ke_PART', 'eng_QUE', '?_ZE'], ['Sehlongwatlhabollo_N07', 'sa_CPOSS07', 'Dikgwebo_N10', 'sa_CPOSS07', 'Gauteng_N09', '(_ZPL', 'GEP_RV', ')_ZPR', 'ke_PART', 'setheo_N07', 'seo_CD07', 'se_CS07', 'hlomilwego_V', 'ke_PART', 'Mmušo_N03', 'wa_CPOSS03', 'Phrobentshe_N09', 'wa_CPOSS03', 'Gauteng_N09', ',_ZM', 'ka_PART', 'fase_N16', 'ga_CPOSS17', 'thekgo_N09', 'ya_CPOSS09', 'Kgoro_N09', 'ya_CPOSS09', 'Tlhabollo_N09', 'ya_CPOSS09', 'Ekonomi_N09', ',_ZM', 'ka_PART', 'thomelo_N09', 'ye_CD09', 'itšego_V', 'ya_CPOSS09', 'go_INF', 'aba_V', 'thekgo_N09', 'le_CONJ', 'tlhabollo_N09', 'go_INF', 'Dikgwebopotlana_N10', ',_ZM', 'Dikgwebo_N10', 'tša_CPOSS10', 'magareng_N06', 'le_CONJ', 'Dikgwebo_N10', 'tše_CD10', 'nnyane_ADJ10', '(_ZPL', 'SMME_RV', ')_ZPR', 'ka_PART', 'Phrobentsheng_N09', 'ya_CPOSS09', 'Gauteng_N01a', 'ka_PART', 'magato_N06', 'a_CPOSS06', 'ditšhelete_N10', 'le_CONJ', 'ao_CD06', 'a_CS06', 'sego_VCOP', 'a_CPOSS06', 'ditšhelete_N10', '._ZE'], ['Naa_PARTQUE', 'ke_PART', 'ka_PART', 'lebaka_N05', 'la_CPOSS05', 'eng_QUE', 'GEP_RV', 'e_CS09', 'hlomilwe_V', '?_ZE']]