[['IKHONA_ADV', 'KUTE_CONJ', 'IKUSITE_V'], ['Imibuto_N', 'Netimphendvulo_ADV'], ['Ngubani_P', 'GEP_ADV', '?_PUNCT'], ['IGauteng_P', 'Enterprise_V', 'Propeller_N', '(_PUNCT', 'GEP_ADV', ')_PUNCT', 'yi-Ejensi_P', 'leyasungulwa_V', 'nguHulumende_N', 'weSifundza_V', 'saseGauteng_POS07', ',_PUNCT', 'ngaphasi_P', 'kweluphiko_POS', 'lweLitiko_LOC', 'Lekutfutfukiswa_V', 'Kwemnotfo_N', ',_PUNCT', 'ngeligunya_V', 'ngco_ADV', 'lekusita_V', 'ema-SMME_POS', '(_PUNCT', 'Emabhizinisi_N06', 'lasafufusa_V', ')_PUNCT', 'nekutfutfukisa_ADV', 'Sifundza_V', 'saseGauteng_POS07', 'ngekusebentisa_N', 'tindlela_N00', 'tekusita_POS', 'ngemali_N09', 'kanye_ADV', 'naleto_ADV', 'letingasiyo_N', 'imali_N09', '._PUNCT'], ['Yasungulwelani_V', 'i-GEP_N', '?_PUNCT']]