[[('RE', 'CSPERS'), ('RATA', 'V'), ('GO', 'CDLOC'), ('GO', 'N09'), ('THUSA', 'V')], [('Dipotso', 'N10'), ('le', 'PART'), ('Dikarabo', 'N10')], [('GEP', 'RL'), ('ke', 'PART'), ('mang', 'QUE'), ('?', 'ZE')], [('Gauteng', 'NLOC'), ('Enterprise', 'RV'), ('Propeller', 'RV'), ('(', 'ZPL'), ('GEP', 'RK'), (')', 'ZPR'), ('ke', 'PART'), ('setheo', 'N07'), ('se', 'CD07'), ('se', 'CS07'), ('tlhomilweng', 'V'), ('ke', 'PART'), ('Puso', 'N09'), ('ya', 'CPOSS09'), ('Porofense', 'N09'), ('ya', 'CPOSS09'), ('Gauteng', 'NLOC'), (',', 'ZM'), ('mo', 'CDLOC'), ('tlhokomelong', 'N09'), ('ya', 'CPOSS09'), ('Lefapha', 'N05'), ('la', 'CPOSS05'), ('Tlhabololo', 'N09'), ('le', 'PART'), ('Tsweletso', 'N09'), ('ya', 'CPOSS09'), ('Ikonomi', 'N09'), (',', 'ZM'), ('se', 'CS07'), ('na', 'VCOP'), ('le', 'PART'), ('taolelo', 'N09'), ('e', 'CD09'), ('e', 'CS09'), ('kgethegileng', 'V'), ('ya', 'CPOSS09'), ('go', 'CS15'), ('tlamela', 'V'), ('diSMME', 'N10'), ('ka', 'PART'), ('tshegetso', 'N09'), ('mo', 'CDLOC'), ('Porofenseng', 'N09'), ('ya', 'CPOSS09'), ('Gauteng', 'NLOC'), ('ka', 'PART'), ('dithuso', 'N10'), ('tsa', 'CPOSS10'), ('matlole', 'N06'), ('le', 'PART'), ('ka', 'PART'), ('dithuso', 'N10'), ('tsa', 'CPOSS10'), ('mofuta', 'N03'), ('o', 'CD03'), ('mongwe', 'ADJ01'), ('fela', 'CONJ'), ('.', 'ZE')], [('GEP', 'RL'), ('e', 'CS09'), ('tlhometswe', 'V'), ('go', 'CS15'), ('dira', 'V'), ('eng', 'QUE'), ('?', 'ZE')]]