[[('HA', 'RV'), ('KU', 'CN15'), ('KORHOKELA', 'V')], [('Swivutiso', 'N08'), ('na', 'PART'), ('Tinhlamulo', 'N10')], [('Xana', 'QUE'), ('i', 'PART'), ('yini', 'QUE'), ('GEP', 'RV'), ('?', 'ZE')], [('Xindzuluti', 'N07'), ('xa', 'CPOSS07'), ('Mabindzu', 'N06'), ('ya', 'CPOSS06'), ('Gauteng', 'RV'), ('-', 'ZM'), ('Gauteng', 'RV'), ('Enterprise', 'RV'), ('Propeller', 'RV'), ('(', 'ZPL'), ('GEP', 'RV'), (')', 'ZPR'), ('i', 'PART'), ('xiyenge', 'N07'), ('lexi', 'CD07'), ('tumbuluxiweke', 'V'), ('hi', 'PART'), ('Mfumo', 'N03'), ('wa', 'CPOSS03'), ('Xifundzankulu', 'N07'), ('xa', 'CPOSS07'), ('Gauteng', 'RV'), (',', 'ZM'), ('hi', 'PART'), ('ku', 'CN15'), ('landza', 'V'), ('swipimelo', 'N08'), ('swa', 'CPOSS08'), ('Ndzawulo', 'N09'), ('ya', 'CPOSS09'), ('Nhluvukiso', 'N03'), ('wa', 'CPOSS03'), ('Ikhonomi', 'N09'), (',', 'ZM'), ('hi', 'PART'), ('xirhumo', 'N07'), ('xo', 'CPOSS07'), ('nyika', 'V'), ('nseketelo', 'N03'), ('na', 'CPOSS03'), ('nhluvuko', 'N03'), ('eka', 'CONJ'), ('tiSMME', 'N10'), ('eka', 'CONJ'), ('Xifundzankulu', 'N07'), ('xa', 'CPOSS07'), ('Gauteng', 'RV'), ('hi', 'PART'), ('ku', 'CN15'), ('tirhisa', 'V'), ('timali', 'N10'), ('na', 'PART'), ('leswi', 'CD08'), ('nga', 'PART'), ('riki', 'V'), ('mali', 'N09'), ('.', 'ZE')], [('Xana', 'QUE'), ('hikokwalaho', 'CONJ'), ('ka', 'CPOSS17'), ('yini', 'QUE'), ('ku', 'CN15'), ('tumbuluxiwile', 'V'), ('GEP', 'RV'), ('?', 'ZE')]]