[['SIZIMISELE_V', 'UKUSIZA_V', 'WENA_PRON02'], ['Imibuzo_N04', 'nezimpendulo_N10'], ['Yini_INT', 'i-GEP_N', '?_PUNCT'], ['I-Gauteng_N', 'Enterprise_V', 'Propeller_N', '(_PUNCT', 'GEP_ADV', ')_PUNCT', 'yiNhlangano_N09', 'eyasungulwa_V', 'nguHulumeni_N01', 'Wesifundazwe_N07', 'saseGauteng_POS', ',_PUNCT', 'ngaphansi_ADV', 'koMnyango_N03', 'Wezokuthuthukiswa_V', 'Komnotho_N03', ',_PUNCT', 'njengoba_CONJ', 'inikezwe_V', 'igunya_N05', 'elikhethekile_V', 'lokuhlinzeka_V', 'ama-SMME_N', 'ngokwesekwa_P', 'kanye_ADV', 'nentuthuko_N09', 'eSifundazweni_LOC', 'saseGauteng_POS', 'ngezimali_N10', 'nangezinye_ADV', 'izindlela_N10', '._PUNCT'], ['Kungani_V', 'i-GEP_N', 'yasungulwa_V', '?_PUNCT']]