masses:        e= 9.109e-31; ions in proton mass units:    2.000e+00  1.800e+02 ...
charges:       e=-1.602e-19; charges in elementary units:  1.000e+00  1.800e+01
n:             e:  1.000e+00                           i:  1.000e+00  1.000e-06
thermal T (K): e= 2.321e+07 i= 1.160e+07  1.160e+07. Normalization grid 0: v_0= 1.876e+07 ( 6.256e-02c) n_0= 1.000e+20 t_0= 1.909e-05 2 batched, view batch 1
Domain radius (AMR levels) grid 0: par= 5.000e+00 perp= 5.000e+00 (0) , 1: par= 5.835e-02 perp= 5.835e-02 (0) , 2: par= 6.151e-03 perp= 6.151e-03 (0) 
[0] <vec:seq> adaptToleranceFEM(): 0) Refine phase: Uniform
[0] <vec:seq> adaptToleranceFEM(): 				0) 8 cells, 128 total quadrature points
[0] <vec:seq> adaptToleranceFEM(): 1) Refine phase: Uniform
[0] <vec:seq> adaptToleranceFEM(): 				1) 8 cells, 128 total quadrature points
[0] <vec:seq> adaptToleranceFEM(): 2) Refine phase: Uniform
[0] <vec:seq> adaptToleranceFEM(): 				2) 8 cells, 128 total quadrature points
nu_alpha:  3.093538e+22 8.427101e+18 3.033756e+19
nu_beta:  3.769714e-24 3.769714e-24 1.221387e-21
nu_alpha[i]*nu_beta[j]*lambda[i][j]:
 1.000000000e+00 1.000000416e+00 3.206025701e+02
 2.724099089e-04 3.173347934e-04 7.663211501e-02
 9.703920059e-04 8.514679446e-04 3.047999074e-01
lambda[i][j]:
 8.575038959e+00 8.575042530e+00 8.485122002e+00
 8.575042530e+00 9.989208398e+00 7.445248257e+00
 8.485122002e+00 7.445248257e+00 8.225848404e+00
0) FormLandau 384 IPs, 24 cells total, Nb=16, Nq=16, dim=2, Tab: Nb=16 Nf=3 Np=16 cdim=2 N=546
Linear ptof_ solve converged due to CONVERGED_RTOL iterations 6
Linear ptof_ solve converged due to CONVERGED_RTOL iterations 6
Linear ptof_ solve converged due to CONVERGED_RTOL iterations 6
Linear ptof_ solve converged due to CONVERGED_RTOL iterations 6
Linear ptof_ solve converged due to CONVERGED_RTOL iterations 6
Linear ptof_ solve converged due to CONVERGED_RTOL iterations 6
  0) species-0: charge density= -1.6162729305797e+01 z-momentum=  2.3573112803923e-18 energy=  4.8199770808866e+04
  0) species-1: charge density=  1.6162438381907e+01 z-momentum= -2.3268395459608e-16 energy=  2.4099451614304e+04
  0) species-2: charge density=  2.9092389087432e-04 z-momentum= -4.3544999861898e-22 energy=  2.4099451614304e-02
	  0) Total: charge density= -5.6083609978330e-15, momentum= -2.3032707876569e-16, energy=  7.2299246522622e+04 (m_i[0]/m_e = 3670.94, 8 cells on electron grid)
0 TS dt 0.01 time 0.
    0 SNES Function norm 5.344887267009e-01 
    1 SNES Function norm 2.969206999244e-03 
    2 SNES Function norm 2.186287952194e-05 
    3 SNES Function norm 1.561505420857e-07 
    4 SNES Function norm 1.154554255528e-09 
    5 SNES Function norm 8.466290578423e-12 
    6 SNES Function norm 6.256152699633e-14 
  Nonlinear solve converged due to CONVERGED_SNORM_RELATIVE iterations 6
1 TS dt 0.01 time 0.01
  1) species-0: charge density= -1.6162729305797e+01 z-momentum=  2.6899948462876e-18 energy=  4.8199648400570e+04
  1) species-1: charge density=  1.6162438381907e+01 z-momentum= -2.2225036357264e-16 energy=  2.4099574004884e+04
  1) species-2: charge density=  2.9092389087432e-04 z-momentum= -3.4494023450813e-22 energy=  2.4117168156138e-02
	  1) Total: charge density= -2.0555931089239e-15, momentum= -2.1956071366659e-16, energy=  7.2299246522622e+04 (m_i[0]/m_e = 3670.94, 8 cells on electron grid)
Linear ftop_ solve converged due to CONVERGED_RTOL iterations 3
Linear ftop_ solve converged due to CONVERGED_RTOL iterations 3
Linear ftop_ solve converged due to CONVERGED_RTOL iterations 3
Linear ftop_ solve converged due to CONVERGED_RTOL iterations 3
Linear ftop_ solve converged due to CONVERGED_RTOL iterations 3
Linear ftop_ solve converged due to CONVERGED_RTOL iterations 3
Linear ptof_ solve converged due to CONVERGED_RTOL iterations 6
Linear ptof_ solve converged due to CONVERGED_RTOL iterations 6
Linear ptof_ solve converged due to CONVERGED_RTOL iterations 6
  0) species-0: charge density= -1.5216951577775e+01 z-momentum=  3.9734939710588e-18 energy=  4.2559628385409e+04
  0) species-1: charge density=  2.0756791543622e-03 z-momentum= -4.5084228213037e-20 energy=  2.8995298851266e+00
  0) species-2: charge density=  4.1515131809379e-10 z-momentum= -5.8041006922765e-28 energy=  3.2215303731404e-08
	  0) Total: charge density= -1.5214875898206e+01, momentum=  3.9284097422654e-18, energy=  4.2562527915327e+04 (m_i[0]/m_e = 3670.94, 8 cells on electron grid)
0 TS dt 0.01 time 0.
    0 SNES Function norm 1.060273099155e+00 
    1 SNES Function norm 5.907215457586e-01 
    2 SNES Function norm 3.117882665883e-03 
    3 SNES Function norm 2.163645916213e-05 
    4 SNES Function norm 1.491597944855e-07 
    5 SNES Function norm 1.057793693391e-09 
    6 SNES Function norm 7.572390790423e-12 
  Nonlinear solve converged due to CONVERGED_SNORM_RELATIVE iterations 6
1 TS dt 0.01 time 0.01
  1) species-0: charge density= -1.5216951577775e+01 z-momentum=  4.1819769072589e-18 energy=  4.2559628369956e+04
  1) species-1: charge density=  2.0756791543622e-03 z-momentum= -4.7886347687571e-20 energy=  2.8995453375959e+00
  1) species-2: charge density=  4.1515131809379e-10 z-momentum= -4.1060289033018e-28 energy=  3.2215921608124e-08
	  1) Total: charge density= -1.5214875898206e+01, momentum=  4.1340905591607e-18, energy=  4.2562527915326e+04 (m_i[0]/m_e = 3670.94, 8 cells on electron grid)
Linear ftop_ solve converged due to CONVERGED_RTOL iterations 3
Linear ftop_ solve converged due to CONVERGED_RTOL iterations 3
Linear ftop_ solve converged due to CONVERGED_RTOL iterations 3
[0] <vec:seq> go(): Total number density:   3.369774668056e-07 (  3.369774668056e-07); x-momentum =  -6.158072782669e-20 (  6.455110808139e-18); energy =   1.445347319404e+05 (  1.445347319404e+05) rerr = 1.633047e-13 (log10(rerr) = -1.278700e+01, -12), 288 particles. Use 1 threads
