[['HA_RV', 'KU_CN15', 'KORHOKELA_V'], ['Swivutiso_N08', 'na_PART', 'Tinhlamulo_N10'], ['Xana_QUE', 'i_PART', 'yini_QUE', 'GEP_RV', '?_ZE'], ['Xindzuluti_N07', 'xa_CPOSS07', 'Mabindzu_N06', 'ya_CPOSS06', 'Gauteng_RV', '-_ZM', 'Gauteng_RV', 'Enterprise_RV', 'Propeller_RV', '(_ZPL', 'GEP_RV', ')_ZPR', 'i_PART', 'xiyenge_N07', 'lexi_CD07', 'tumbuluxiweke_V', 'hi_PART', 'Mfumo_N03', 'wa_CPOSS03', 'Xifundzankulu_N07', 'xa_CPOSS07', 'Gauteng_RV', ',_ZM', 'hi_PART', 'ku_CN15', 'landza_V', 'swipimelo_N08', 'swa_CPOSS08', 'Ndzawulo_N09', 'ya_CPOSS09', 'Nhluvukiso_N03', 'wa_CPOSS03', 'Ikhonomi_N09', ',_ZM', 'hi_PART', 'xirhumo_N07', 'xo_CPOSS07', 'nyika_V', 'nseketelo_N03', 'na_CPOSS03', 'nhluvuko_N03', 'eka_CONJ', 'tiSMME_N10', 'eka_CONJ', 'Xifundzankulu_N07', 'xa_CPOSS07', 'Gauteng_RV', 'hi_PART', 'ku_CN15', 'tirhisa_V', 'timali_N10', 'na_PART', 'leswi_CD08', 'nga_PART', 'riki_V', 'mali_N09', '._ZE'], ['Xana_QUE', 'hikokwalaho_CONJ', 'ka_CPOSS17', 'yini_QUE', 'ku_CN15', 'tumbuluxiwile_V', 'GEP_RV', '?_ZE']]