[[('SIKHONZA', 'V'), ('WENA', 'V')], [('Imibuzo', 'N04'), ('neeMpendulo', 'N10')], [('Yintoni', 'COP'), ('i-GEP', 'ADV'), ('?', 'PUNCT')], [('I-Gauteng', 'N'), ('Enterprise', 'V'), ('Propeller', 'N'), ('(', 'PUNCT'), ('i-GEP', 'ADV'), (')', 'PUNCT'), ('(', 'PUNCT'), ('iLinge', 'V'), ('lesiQhubi', 'N07'), ('laseGauteng', 'N'), (')', 'PUNCT'), ('yiArhente', 'N'), ('eyasekwa', 'V'), ('nguRhulumente', 'N01'), ('wePhondo', 'N05'), ('laseGauteng', 'N'), (',', 'PUNCT'), ('phantsi', 'ADV'), ('koququzelelo', 'POS'), ('lweSebe', 'N05'), ('lezoPhuhliso', 'LOC'), ('loQoqosho', 'POS'), (',', 'PUNCT'), ('ngomyalelo', 'N03'), ('owodwa', 'V'), ('wokubonelela', 'V'), ('ii-SMME', 'N'), ('ngenkxaso', 'P'), ('nophuhliso', 'P'), ('kwiPhondo', 'N05'), ('leGauteng', 'LOC'), ('ngamanyathelo', 'N06'), ('ezemali', 'N09'), ('nangengawo', 'ADV'), ('ezemali', 'N09'), ('.', 'PUNCT')], [('Kungani', 'V'), ('kwasekwa', 'V'), ('i-GEP', 'ADV'), ('?', 'PUNCT')]]