[['SIKHONZA_V', 'WENA_V'], ['Imibuzo_N04', 'neeMpendulo_N10'], ['Yintoni_COP', 'i-GEP_ADV', '?_PUNCT'], ['I-Gauteng_N', 'Enterprise_V', 'Propeller_N', '(_PUNCT', 'i-GEP_ADV', ')_PUNCT', '(_PUNCT', 'iLinge_V', 'lesiQhubi_N07', 'laseGauteng_N', ')_PUNCT', 'yiArhente_N', 'eyasekwa_V', 'nguRhulumente_N01', 'wePhondo_N05', 'laseGauteng_N', ',_PUNCT', 'phantsi_ADV', 'koququzelelo_POS', 'lweSebe_N05', 'lezoPhuhliso_LOC', 'loQoqosho_POS', ',_PUNCT', 'ngomyalelo_N03', 'owodwa_V', 'wokubonelela_V', 'ii-SMME_N', 'ngenkxaso_P', 'nophuhliso_P', 'kwiPhondo_N05', 'leGauteng_LOC', 'ngamanyathelo_N06', 'ezemali_N09', 'nangengawo_ADV', 'ezemali_N09', '._PUNCT'], ['Kungani_V', 'kwasekwa_V', 'i-GEP_ADV', '?_PUNCT']]