[[('IKHONA', 'ADV'), ('KUTE', 'CONJ'), ('IKUSITE', 'V')], [('Imibuto', 'N'), ('Netimphendvulo', 'ADV')], [('Ngubani', 'P'), ('GEP', 'ADV'), ('?', 'PUNCT')], [('IGauteng', 'P'), ('Enterprise', 'V'), ('Propeller', 'N'), ('(', 'PUNCT'), ('GEP', 'ADV'), (')', 'PUNCT'), ('yi-Ejensi', 'P'), ('leyasungulwa', 'V'), ('nguHulumende', 'N'), ('weSifundza', 'V'), ('saseGauteng', 'POS07'), (',', 'PUNCT'), ('ngaphasi', 'P'), ('kweluphiko', 'POS'), ('lweLitiko', 'LOC'), ('Lekutfutfukiswa', 'V'), ('Kwemnotfo', 'N'), (',', 'PUNCT'), ('ngeligunya', 'V'), ('ngco', 'ADV'), ('lekusita', 'V'), ('ema-SMME', 'POS'), ('(', 'PUNCT'), ('Emabhizinisi', 'N06'), ('lasafufusa', 'V'), (')', 'PUNCT'), ('nekutfutfukisa', 'ADV'), ('Sifundza', 'V'), ('saseGauteng', 'POS07'), ('ngekusebentisa', 'N'), ('tindlela', 'N00'), ('tekusita', 'POS'), ('ngemali', 'N09'), ('kanye', 'ADV'), ('naleto', 'ADV'), ('letingasiyo', 'N'), ('imali', 'N09'), ('.', 'PUNCT')], [('Yasungulwelani', 'V'), ('i-GEP', 'N'), ('?', 'PUNCT')]]