[['RI_CSPERS', 'SHUMELA_V', 'VHONE_PROABS02'], ['Mbudziso_N09', 'na_CONJ', 'Phindulo_N09'], ['GEP_RV', 'ndi_VCOP', 'nnyi_PARTQUE', '?_ZE'], ['Gauteng_RV', 'Enterprise_RV', 'Propeller_RV', '(_ZPL', 'GEP_RV', ')_ZPR', 'ndi_VCOP', 'Zhendedzi_N05', 'ḽe_PROPSTREL05', 'ḽa_CPOSS05', 'thomiwa_V', 'nga_PREPOS', 'Muvhuso_N03', 'wa_CPOSS03', 'Vunḓu_N05', 'wa_CPOSS03', 'Gauteng_RV', 'hu_CP15', 'na_CONJ', 'thikhedzo_N09', 'ya_CPOSS09', 'Muhasho_N03', 'wa_CPOSS03', 'Mveledziso_N09', 'ya_CPOSS09', 'Ikonomi_N09', ',_ZM', 'ḽi_CS05', 'na_CONJ', 'maanḓa_N06', 'o_CREL06', 'tewaho_V', 'a_CS06', 'u_CN15', 'ṋetshedza_V', 'thikhedzo_N09', 'na_CONJ', 'mveledziso_N09', 'ya_CPOSS09', 'SMME_RV', 'Vunduni_NLOC', 'ḽa_CPOSS05', 'Gauteng_RV', 'hu_CP15', 'tshi_CS07', 'shumiswa_V', 'thikhedzo_N09', 'ya_CPOSS09', 'zwa_CPOSS08', 'masheleni_N06', 'na_CONJ', 'ine_PROREL04', 'i_CS09', 'si_PARTCOPNEG', 'vhe_V', 'ya_CPOSS09', 'masheleni_N06', '._ZE'], ['Ndi_VCOP', 'ngani_PARTQUE', 'ho_CREL14', 'thomiwa_V', 'GEP_RV', '?_ZE']]