[[('RE', 'N09'), ('A', 'CPOSS06'), ('GO', 'INF'), ('DIRELA', 'V')], [('Dipotšišo', 'N10'), ('le', 'CONJ'), ('Dikarabo', 'N10')], [('Naa', 'PARTQUE'), ('Sehlongwatlhabollo', 'N07'), ('sa', 'CPOSS07'), ('Dikgwebo', 'N10'), ('sa', 'CPOSS07'), ('Gauteng', 'N09'), ('(', 'ZPL'), ('GEP', 'RV'), (')', 'ZPR'), ('ke', 'PART'), ('eng', 'QUE'), ('?', 'ZE')], [('Sehlongwatlhabollo', 'N07'), ('sa', 'CPOSS07'), ('Dikgwebo', 'N10'), ('sa', 'CPOSS07'), ('Gauteng', 'N09'), ('(', 'ZPL'), ('GEP', 'RV'), (')', 'ZPR'), ('ke', 'PART'), ('setheo', 'N07'), ('seo', 'CD07'), ('se', 'CS07'), ('hlomilwego', 'V'), ('ke', 'PART'), ('Mmušo', 'N03'), ('wa', 'CPOSS03'), ('Phrobentshe', 'N09'), ('wa', 'CPOSS03'), ('Gauteng', 'N09'), (',', 'ZM'), ('ka', 'PART'), ('fase', 'N16'), ('ga', 'CPOSS17'), ('thekgo', 'N09'), ('ya', 'CPOSS09'), ('Kgoro', 'N09'), ('ya', 'CPOSS09'), ('Tlhabollo', 'N09'), ('ya', 'CPOSS09'), ('Ekonomi', 'N09'), (',', 'ZM'), ('ka', 'PART'), ('thomelo', 'N09'), ('ye', 'CD09'), ('itšego', 'V'), ('ya', 'CPOSS09'), ('go', 'INF'), ('aba', 'V'), ('thekgo', 'N09'), ('le', 'CONJ'), ('tlhabollo', 'N09'), ('go', 'INF'), ('Dikgwebopotlana', 'N10'), (',', 'ZM'), ('Dikgwebo', 'N10'), ('tša', 'CPOSS10'), ('magareng', 'N06'), ('le', 'CONJ'), ('Dikgwebo', 'N10'), ('tše', 'CD10'), ('nnyane', 'ADJ10'), ('(', 'ZPL'), ('SMME', 'RV'), (')', 'ZPR'), ('ka', 'PART'), ('Phrobentsheng', 'N09'), ('ya', 'CPOSS09'), ('Gauteng', 'N01a'), ('ka', 'PART'), ('magato', 'N06'), ('a', 'CPOSS06'), ('ditšhelete', 'N10'), ('le', 'CONJ'), ('ao', 'CD06'), ('a', 'CS06'), ('sego', 'VCOP'), ('a', 'CPOSS06'), ('ditšhelete', 'N10'), ('.', 'ZE')], [('Naa', 'PARTQUE'), ('ke', 'PART'), ('ka', 'PART'), ('lebaka', 'N05'), ('la', 'CPOSS05'), ('eng', 'QUE'), ('GEP', 'RV'), ('e', 'CS09'), ('hlomilwe', 'V'), ('?', 'ZE')]]