[[], ['TSHEBELETSONG_N09', 'YA_CPOSS09', 'HAO_PROPOSSPERS'], ['Dipotso_N10', 'le_PART', 'Dikarabo_N10'], ['GEP_RL', 'ke_VCOP', 'mang_ADJ06', '?_ZE'], ['Gauteng_N09', 'Enterprise_RV', 'Propeller_RV', '(_ZPL', 'GEP_RL', ')_ZPR', 'ke_PART', 'Lekala_N05', 'la_CPOSS05', 'Boemedi_N14', 'le_CS05', 'ileng_VAUX', 'la_CPOSS05', 'thehwa_V', 'ke_PART', 'Mmuso_N03', 'wa_CPOSS03', 'Provense_N09', 'ya_CPOSS09', 'Gauteng_N09', ',_ZM', 'tlasa_NLOC', 'taolo_N09', 'ya_CPOSS09', 'Lefapha_N05', 'la_CPOSS05', 'Ntshetsopele_N09', 'ya_CPOSS09', 'Moruo_N03', ',_ZM', 'ka_PART', 'sepheo_N07', 'se_CS07', 'ikgethang_V', 'sa_CPOSS07', 'ho_CN15', 'fana_V', 'ka_PART', 'tshehetso_N09', 'le_PART', 'ntshetsopele_N09', 'ya_CPOSS09', 'SMME_RK', 'ka_PART', 'hara_NLOC', 'Provense_N09', 'ya_CPOSS09', 'Gauteng_N09', 'ka_PART', 'mekgwa_N04', 'ya_CPOSS04', 'ditshehetso_N10', 'tsa_CPOSS10', 'tjhelete_N09', 'le_PART', 'tseo_CD10', 'eseng_V', 'tsa_CPOSS10', 'tjhelete_N09', '._ZE']]