[[('RI', 'CSPERS'), ('SHUMELA', 'V'), ('VHONE', 'PROABS02')], [('Mbudziso', 'N09'), ('na', 'CONJ'), ('Phindulo', 'N09')], [('GEP', 'RV'), ('ndi', 'VCOP'), ('nnyi', 'PARTQUE'), ('?', 'ZE')], [('Gauteng', 'RV'), ('Enterprise', 'RV'), ('Propeller', 'RV'), ('(', 'ZPL'), ('GEP', 'RV'), (')', 'ZPR'), ('ndi', 'VCOP'), ('Zhendedzi', 'N05'), ('ḽe', 'PROPSTREL05'), ('ḽa', 'CPOSS05'), ('thomiwa', 'V'), ('nga', 'PREPOS'), ('Muvhuso', 'N03'), ('wa', 'CPOSS03'), ('Vunḓu', 'N05'), ('wa', 'CPOSS03'), ('Gauteng', 'RV'), ('hu', 'CP15'), ('na', 'CONJ'), ('thikhedzo', 'N09'), ('ya', 'CPOSS09'), ('Muhasho', 'N03'), ('wa', 'CPOSS03'), ('Mveledziso', 'N09'), ('ya', 'CPOSS09'), ('Ikonomi', 'N09'), (',', 'ZM'), ('ḽi', 'CS05'), ('na', 'CONJ'), ('maanḓa', 'N06'), ('o', 'CREL06'), ('tewaho', 'V'), ('a', 'CS06'), ('u', 'CN15'), ('ṋetshedza', 'V'), ('thikhedzo', 'N09'), ('na', 'CONJ'), ('mveledziso', 'N09'), ('ya', 'CPOSS09'), ('SMME', 'RV'), ('Vunduni', 'NLOC'), ('ḽa', 'CPOSS05'), ('Gauteng', 'RV'), ('hu', 'CP15'), ('tshi', 'CS07'), ('shumiswa', 'V'), ('thikhedzo', 'N09'), ('ya', 'CPOSS09'), ('zwa', 'CPOSS08'), ('masheleni', 'N06'), ('na', 'CONJ'), ('ine', 'PROREL04'), ('i', 'CS09'), ('si', 'PARTCOPNEG'), ('vhe', 'V'), ('ya', 'CPOSS09'), ('masheleni', 'N06'), ('.', 'ZE')], [('Ndi', 'VCOP'), ('ngani', 'PARTQUE'), ('ho', 'CREL14'), ('thomiwa', 'V'), ('GEP', 'RV'), ('?', 'ZE')]]