[['TOT_SVS', 'U_RS', 'DIENS_RL'], ['Vrae_NSM', 'en_KN', 'Antwoorde_NSM'], ['Wie_PV', 'is_VTHOK', 'GEP_RL', '?_ZE'], ['Die_LB', 'Gauteng_NA', 'Enterprise_ASA', 'Propeller_NSE', '(_ZPL', 'GEP_RL', ')_ZPR', 'is_VTHOK', "'n_LO", 'agentskap_NSE', 'wat_PB', 'deur_SVS', 'die_LB', 'Gautengse_ASA', 'Provinsiale_ASA', 'Regering_NSE', 'ingestel_VVHOG', 'is_VVUOP', 'onder_SVS', 'beskerming_NSE', 'van_SVS', 'die_LB', 'Departement_NSE', 'van_SVS', 'Ekonomiese_ASA', 'Ontwikkeling_NA', ',_ZM', 'met_SVS', "'n_LO", 'spesifieke_ASA', 'mandaat_NSE', 'om_SVS', 'ondersteuning_NA', 'en_KN', 'ontwikkeling_NA', 'aan_SVS', "KMMO's_NSM", 'in_SVS', 'die_LB', 'provinsie_NSE', 'Gauteng_NA', 'te_UPI', 'verleen_VTHOG', 'deur_SVS', 'finansiële_ASA', 'en_KN', 'niefinansiële_ASA', 'maatreëls_NSM', '._ZE']]