[[], [('TSHEBELETSONG', 'N09'), ('YA', 'CPOSS09'), ('HAO', 'PROPOSSPERS')], [('Dipotso', 'N10'), ('le', 'PART'), ('Dikarabo', 'N10')], [('GEP', 'RL'), ('ke', 'VCOP'), ('mang', 'ADJ06'), ('?', 'ZE')], [('Gauteng', 'N09'), ('Enterprise', 'RV'), ('Propeller', 'RV'), ('(', 'ZPL'), ('GEP', 'RL'), (')', 'ZPR'), ('ke', 'PART'), ('Lekala', 'N05'), ('la', 'CPOSS05'), ('Boemedi', 'N14'), ('le', 'CS05'), ('ileng', 'VAUX'), ('la', 'CPOSS05'), ('thehwa', 'V'), ('ke', 'PART'), ('Mmuso', 'N03'), ('wa', 'CPOSS03'), ('Provense', 'N09'), ('ya', 'CPOSS09'), ('Gauteng', 'N09'), (',', 'ZM'), ('tlasa', 'NLOC'), ('taolo', 'N09'), ('ya', 'CPOSS09'), ('Lefapha', 'N05'), ('la', 'CPOSS05'), ('Ntshetsopele', 'N09'), ('ya', 'CPOSS09'), ('Moruo', 'N03'), (',', 'ZM'), ('ka', 'PART'), ('sepheo', 'N07'), ('se', 'CS07'), ('ikgethang', 'V'), ('sa', 'CPOSS07'), ('ho', 'CN15'), ('fana', 'V'), ('ka', 'PART'), ('tshehetso', 'N09'), ('le', 'PART'), ('ntshetsopele', 'N09'), ('ya', 'CPOSS09'), ('SMME', 'RK'), ('ka', 'PART'), ('hara', 'NLOC'), ('Provense', 'N09'), ('ya', 'CPOSS09'), ('Gauteng', 'N09'), ('ka', 'PART'), ('mekgwa', 'N04'), ('ya', 'CPOSS04'), ('ditshehetso', 'N10'), ('tsa', 'CPOSS10'), ('tjhelete', 'N09'), ('le', 'PART'), ('tseo', 'CD10'), ('eseng', 'V'), ('tsa', 'CPOSS10'), ('tjhelete', 'N09'), ('.', 'ZE')]]