[['RE_CSPERS', 'RATA_V', 'GO_CDLOC', 'GO_N09', 'THUSA_V'], ['Dipotso_N10', 'le_PART', 'Dikarabo_N10'], ['GEP_RL', 'ke_PART', 'mang_QUE', '?_ZE'], ['Gauteng_NLOC', 'Enterprise_RV', 'Propeller_RV', '(_ZPL', 'GEP_RK', ')_ZPR', 'ke_PART', 'setheo_N07', 'se_CD07', 'se_CS07', 'tlhomilweng_V', 'ke_PART', 'Puso_N09', 'ya_CPOSS09', 'Porofense_N09', 'ya_CPOSS09', 'Gauteng_NLOC', ',_ZM', 'mo_CDLOC', 'tlhokomelong_N09', 'ya_CPOSS09', 'Lefapha_N05', 'la_CPOSS05', 'Tlhabololo_N09', 'le_PART', 'Tsweletso_N09', 'ya_CPOSS09', 'Ikonomi_N09', ',_ZM', 'se_CS07', 'na_VCOP', 'le_PART', 'taolelo_N09', 'e_CD09', 'e_CS09', 'kgethegileng_V', 'ya_CPOSS09', 'go_CS15', 'tlamela_V', 'diSMME_N10', 'ka_PART', 'tshegetso_N09', 'mo_CDLOC', 'Porofenseng_N09', 'ya_CPOSS09', 'Gauteng_NLOC', 'ka_PART', 'dithuso_N10', 'tsa_CPOSS10', 'matlole_N06', 'le_PART', 'ka_PART', 'dithuso_N10', 'tsa_CPOSS10', 'mofuta_N03', 'o_CD03', 'mongwe_ADJ01', 'fela_CONJ', '._ZE'], ['GEP_RL', 'e_CS09', 'tlhometswe_V', 'go_CS15', 'dira_V', 'eng_QUE', '?_ZE']]