[{"type": "Section", "children": [{"type": "paragraph", "children": [{"type": "text", "value": "This is just text."}]}], "title": null, "level": 0, "target": null}]