[{"type": "Section", "children": [{"type": "paragraph", "children": [{"type": "text", "value": "there should not be spaces ("}, {"type": "inlineCode", "value": "between"}, {"type": "text", "value": ") the parenthesis."}]}], "title": null, "level": 0, "target": null}]