[[('TOT', 'SVS'), ('U', 'RS'), ('DIENS', 'RL')], [('Vrae', 'NSM'), ('en', 'KN'), ('Antwoorde', 'NSM')], [('Wie', 'PV'), ('is', 'VTHOK'), ('GEP', 'RL'), ('?', 'ZE')], [('Die', 'LB'), ('Gauteng', 'NA'), ('Enterprise', 'ASA'), ('Propeller', 'NSE'), ('(', 'ZPL'), ('GEP', 'RL'), (')', 'ZPR'), ('is', 'VTHOK'), ("'n", 'LO'), ('agentskap', 'NSE'), ('wat', 'PB'), ('deur', 'SVS'), ('die', 'LB'), ('Gautengse', 'ASA'), ('Provinsiale', 'ASA'), ('Regering', 'NSE'), ('ingestel', 'VVHOG'), ('is', 'VVUOP'), ('onder', 'SVS'), ('beskerming', 'NSE'), ('van', 'SVS'), ('die', 'LB'), ('Departement', 'NSE'), ('van', 'SVS'), ('Ekonomiese', 'ASA'), ('Ontwikkeling', 'NA'), (',', 'ZM'), ('met', 'SVS'), ("'n", 'LO'), ('spesifieke', 'ASA'), ('mandaat', 'NSE'), ('om', 'SVS'), ('ondersteuning', 'NA'), ('en', 'KN'), ('ontwikkeling', 'NA'), ('aan', 'SVS'), ("KMMO's", 'NSM'), ('in', 'SVS'), ('die', 'LB'), ('provinsie', 'NSE'), ('Gauteng', 'NA'), ('te', 'UPI'), ('verleen', 'VTHOG'), ('deur', 'SVS'), ('finansiële', 'ASA'), ('en', 'KN'), ('niefinansiële', 'ASA'), ('maatreëls', 'NSM'), ('.', 'ZE')]]