[
  {
    "doc": {
      "p": [
        {
          "lid": "NONE",
          "sent": {
            "tokens": [
              {
                "start_char": 0,
                "pos": "DEM01",
                "end_char": 5,
                "id": 1,
                "text": "LAPHA"
              },
              {
                "start_char": 6,
                "pos": "V",
                "end_char": 14,
                "id": 2,
                "text": "USEBENZA"
              },
              {
                "start_char": 15,
                "pos": "PRON15",
                "end_char": 20,
                "id": 3,
                "text": "KHONA"
              }
            ]
          }
        },
        {
          "lid": "NONE",
          "sent": {
            "tokens": [
              {
                "start_char": 0,
                "pos": "N04",
                "end_char": 7,
                "id": 1,
                "text": "Imibuzo"
              },
              {
                "start_char": 8,
                "pos": "P",
                "end_char": 19,
                "id": 2,
                "text": "neempendulo"
              }
            ]
          }
        },
        {
          "lid": "NONE",
          "sent": {
            "tokens": [
              {
                "start_char": 0,
                "pos": "COP",
                "end_char": 5,
                "id": 1,
                "text": "Iyini"
              },
              {
                "start_char": 6,
                "pos": "N",
                "end_char": 8,
                "id": 2,
                "text": "i-"
              },
              {
                "start_char": 9,
                "pos": "ADV",
                "end_char": 12,
                "id": 3,
                "text": "GEP"
              },
              {
                "start_char": 12,
                "pos": "PUNCT",
                "end_char": 13,
                "id": 4,
                "text": "?"
              }
            ]
          }
        },
        {
          "lid": "NONE",
          "sent": {
            "tokens": [
              {
                "start_char": 0,
                "pos": "N05",
                "end_char": 8,
                "id": 1,
                "text": "IGauteng"
              },
              {
                "start_char": 9,
                "pos": "V",
                "end_char": 19,
                "id": 2,
                "text": "Enterprise"
              },
              {
                "start_char": 20,
                "pos": "N",
                "end_char": 29,
                "id": 3,
                "text": "Propeller"
              },
              {
                "start_char": 30,
                "pos": "PUNCT",
                "end_char": 31,
                "id": 4,
                "text": "("
              },
              {
                "start_char": 31,
                "pos": "ADV",
                "end_char": 36,
                "id": 5,
                "text": "i-GEP"
              },
              {
                "start_char": 36,
                "pos": "PUNCT",
                "end_char": 37,
                "id": 6,
                "text": ")"
              },
              {
                "start_char": 38,
                "pos": "N",
                "end_char": 47,
                "id": 7,
                "text": "yi-Ejensi"
              },
              {
                "start_char": 48,
                "pos": "V",
                "end_char": 58,
                "id": 8,
                "text": "eyahlonywa"
              },
              {
                "start_char": 59,
                "pos": "N03",
                "end_char": 64,
                "id": 9,
                "text": "mBuso"
              },
              {
                "start_char": 65,
                "pos": "V",
                "end_char": 76,
                "id": 10,
                "text": "wePhrovinsi"
              },
              {
                "start_char": 77,
                "pos": "LOC",
                "end_char": 86,
                "id": 11,
                "text": "yeGauteng"
              },
              {
                "start_char": 86,
                "pos": "PUNCT",
                "end_char": 87,
                "id": 12,
                "text": ","
              },
              {
                "start_char": 88,
                "pos": "P",
                "end_char": 96,
                "id": 13,
                "text": "ngaphasi"
              },
              {
                "start_char": 97,
                "pos": "N07",
                "end_char": 106,
                "id": 14,
                "text": "kwesekelo"
              },
              {
                "start_char": 107,
                "pos": "LOC",
                "end_char": 116,
                "id": 15,
                "text": "lomNyango"
              },
              {
                "start_char": 117,
                "pos": "V",
                "end_char": 131,
                "id": 16,
                "text": "wokuThuthukisa"
              },
              {
                "start_char": 132,
                "pos": "N03",
                "end_char": 140,
                "id": 17,
                "text": "zomNotho"
              },
              {
                "start_char": 140,
                "pos": "PUNCT",
                "end_char": 141,
                "id": 18,
                "text": ","
              },
              {
                "start_char": 142,
                "pos": "V",
                "end_char": 153,
                "id": 19,
                "text": "ngokwegunya"
              },
              {
                "start_char": 154,
                "pos": "V",
                "end_char": 165,
                "id": 20,
                "text": "elibunqopha"
              },
              {
                "start_char": 166,
                "pos": "V",
                "end_char": 176,
                "id": 21,
                "text": "lokunikela"
              },
              {
                "start_char": 177,
                "pos": "V",
                "end_char": 185,
                "id": 22,
                "text": "ama-SMME"
              },
              {
                "start_char": 186,
                "pos": "ADV",
                "end_char": 193,
                "id": 23,
                "text": "isekelo"
              },
              {
                "start_char": 194,
                "pos": "ADV",
                "end_char": 199,
                "id": 24,
                "text": "kanye"
              },
              {
                "start_char": 200,
                "pos": "P",
                "end_char": 209,
                "id": 25,
                "text": "netuthuko"
              },
              {
                "start_char": 210,
                "pos": "LOC",
                "end_char": 222,
                "id": 26,
                "text": "ePhrovinsini"
              },
              {
                "start_char": 223,
                "pos": "LOC",
                "end_char": 232,
                "id": 27,
                "text": "yeGauteng"
              },
              {
                "start_char": 233,
                "pos": "V",
                "end_char": 241,
                "id": 28,
                "text": "Province"
              },
              {
                "start_char": 242,
                "pos": "P",
                "end_char": 253,
                "id": 29,
                "text": "ngokweemali"
              },
              {
                "start_char": 254,
                "pos": "ADV",
                "end_char": 259,
                "id": 30,
                "text": "kanye"
              },
              {
                "start_char": 260,
                "pos": "ADV",
                "end_char": 267,
                "id": 31,
                "text": "nalokho"
              },
              {
                "start_char": 268,
                "pos": "V",
                "end_char": 278,
                "id": 32,
                "text": "okungafaki"
              },
              {
                "start_char": 279,
                "pos": "COP",
                "end_char": 285,
                "id": 33,
                "text": "iimali"
              },
              {
                "start_char": 285,
                "pos": "PUNCT",
                "end_char": 286,
                "id": 34,
                "text": "."
              }
            ]
          }
        },
        {
          "lid": "NONE",
          "sent": {
            "tokens": [
              {
                "start_char": 0,
                "pos": "COP",
                "end_char": 8,
                "id": 1,
                "text": "Kubayini"
              },
              {
                "start_char": 9,
                "pos": "V",
                "end_char": 19,
                "id": 2,
                "text": "kwahlonywa"
              },
              {
                "start_char": 20,
                "pos": "ADV",
                "end_char": 25,
                "id": 3,
                "text": "i-GEP"
              },
              {
                "start_char": 25,
                "pos": "PUNCT",
                "end_char": 26,
                "id": 4,
                "text": "?"
              }
            ]
          }
        }
      ]
    }
  }
]