[[('SIZIMISELE', 'V'), ('UKUSIZA', 'V'), ('WENA', 'PRON02')], [('Imibuzo', 'N04'), ('nezimpendulo', 'N10')], [('Yini', 'INT'), ('i-GEP', 'N'), ('?', 'PUNCT')], [('I-Gauteng', 'N'), ('Enterprise', 'V'), ('Propeller', 'N'), ('(', 'PUNCT'), ('GEP', 'ADV'), (')', 'PUNCT'), ('yiNhlangano', 'N09'), ('eyasungulwa', 'V'), ('nguHulumeni', 'N01'), ('Wesifundazwe', 'N07'), ('saseGauteng', 'POS'), (',', 'PUNCT'), ('ngaphansi', 'ADV'), ('koMnyango', 'N03'), ('Wezokuthuthukiswa', 'V'), ('Komnotho', 'N03'), (',', 'PUNCT'), ('njengoba', 'CONJ'), ('inikezwe', 'V'), ('igunya', 'N05'), ('elikhethekile', 'V'), ('lokuhlinzeka', 'V'), ('ama-SMME', 'N'), ('ngokwesekwa', 'P'), ('kanye', 'ADV'), ('nentuthuko', 'N09'), ('eSifundazweni', 'LOC'), ('saseGauteng', 'POS'), ('ngezimali', 'N10'), ('nangezinye', 'ADV'), ('izindlela', 'N10'), ('.', 'PUNCT')], [('Kungani', 'V'), ('i-GEP', 'N'), ('yasungulwa', 'V'), ('?', 'PUNCT')]]