example1(pos: 'int', only: 'None', /, var: 'Union', args='1', *, kwarg,
also='None', **kwargs)
## Summary

first example.
