annotation_with_hex_addresses(x: '<object object at 0x0000>' = '<function
<lambda> at 0x0000>')
## Summary

This function is a function for which the signature will have and hexadecimal
addresse.

## Extended Summary

It is included to show that the hex address should be normalized.
