RF_REGIONS_CH4_2,RF_REGIONS_CH4_1,RF_REGIONS_CH4_3,RF_REGIONS_CH4_4,CORE_CLIMATESENSITIVITY,DAT_CO2_CONC__GLOBAL__1765,DAT_CO2_CONC__GLOBAL__1766,DAT_CO2_CONC__GLOBAL__1767,DAT_CO2_CONC__GLOBAL__1768,DAT_CO2_CONC__GLOBAL__1769,DAT_CO2_CONC__GLOBAL__1770,DAT_CO2_CONC__GLOBAL__1771,DAT_CO2_CONC__GLOBAL__1772,DAT_CO2_CONC__GLOBAL__1773,DAT_CO2_CONC__GLOBAL__1774,DAT_CO2_CONC__GLOBAL__1775,DAT_CO2_CONC__GLOBAL__1776,DAT_CO2_CONC__GLOBAL__1777,DAT_CO2_CONC__GLOBAL__1778,DAT_CO2_CONC__GLOBAL__1779,DAT_CO2_CONC__GLOBAL__1780,DAT_CO2_CONC__GLOBAL__1781,DAT_CO2_CONC__GLOBAL__1782,DAT_CO2_CONC__GLOBAL__1783,DAT_CO2_CONC__GLOBAL__1784,DAT_CO2_CONC__GLOBAL__1785,DAT_CO2_CONC__GLOBAL__1786,DAT_CO2_CONC__GLOBAL__1787,DAT_CO2_CONC__GLOBAL__1788,DAT_CO2_CONC__GLOBAL__1789,DAT_CO2_CONC__GLOBAL__1790,DAT_CO2_CONC__GLOBAL__1791,DAT_CO2_CONC__GLOBAL__1792,DAT_CO2_CONC__GLOBAL__1793,DAT_CO2_CONC__GLOBAL__1794,DAT_CO2_CONC__GLOBAL__1795,DAT_CO2_CONC__GLOBAL__1796,DAT_CO2_CONC__GLOBAL__1797,DAT_CO2_CONC__GLOBAL__1798,DAT_CO2_CONC__GLOBAL__1799,DAT_CO2_CONC__GLOBAL__1800,DAT_CO2_CONC__GLOBAL__1801,DAT_CO2_CONC__GLOBAL__1802,DAT_CO2_CONC__GLOBAL__1803,DAT_CO2_CONC__GLOBAL__1804,DAT_CO2_CONC__GLOBAL__1805,DAT_CO2_CONC__GLOBAL__1806,DAT_CO2_CONC__GLOBAL__1807,DAT_CO2_CONC__GLOBAL__1808,DAT_CO2_CONC__GLOBAL__1809,DAT_CO2_CONC__GLOBAL__1810,DAT_CO2_CONC__GLOBAL__1811,DAT_CO2_CONC__GLOBAL__1812,DAT_CO2_CONC__GLOBAL__1813,DAT_CO2_CONC__GLOBAL__1814,DAT_CO2_CONC__GLOBAL__1815,DAT_CO2_CONC__GLOBAL__1816,DAT_CO2_CONC__GLOBAL__1817,DAT_CO2_CONC__GLOBAL__1818,DAT_CO2_CONC__GLOBAL__1819,DAT_CO2_CONC__GLOBAL__1820,DAT_CO2_CONC__GLOBAL__1821,DAT_CO2_CONC__GLOBAL__1822,DAT_CO2_CONC__GLOBAL__1823,DAT_CO2_CONC__GLOBAL__1824,DAT_CO2_CONC__GLOBAL__1825,DAT_CO2_CONC__GLOBAL__1826,DAT_CO2_CONC__GLOBAL__1827,DAT_CO2_CONC__GLOBAL__1828,DAT_CO2_CONC__GLOBAL__1829,DAT_CO2_CONC__GLOBAL__1830,DAT_CO2_CONC__GLOBAL__1831,DAT_CO2_CONC__GLOBAL__1832,DAT_CO2_CONC__GLOBAL__1833,DAT_CO2_CONC__GLOBAL__1834,DAT_CO2_CONC__GLOBAL__1835,DAT_CO2_CONC__GLOBAL__1836,DAT_CO2_CONC__GLOBAL__1837,DAT_CO2_CONC__GLOBAL__1838,DAT_CO2_CONC__GLOBAL__1839,DAT_CO2_CONC__GLOBAL__1840,DAT_CO2_CONC__GLOBAL__1841,DAT_CO2_CONC__GLOBAL__1842,DAT_CO2_CONC__GLOBAL__1843,DAT_CO2_CONC__GLOBAL__1844,DAT_CO2_CONC__GLOBAL__1845,DAT_CO2_CONC__GLOBAL__1846,DAT_CO2_CONC__GLOBAL__1847,DAT_CO2_CONC__GLOBAL__1848,DAT_CO2_CONC__GLOBAL__1849,DAT_CO2_CONC__GLOBAL__1850,DAT_CO2_CONC__GLOBAL__1851,DAT_CO2_CONC__GLOBAL__1852,DAT_CO2_CONC__GLOBAL__1853,DAT_CO2_CONC__GLOBAL__1854,DAT_CO2_CONC__GLOBAL__1855,DAT_CO2_CONC__GLOBAL__1856,DAT_CO2_CONC__GLOBAL__1857,DAT_CO2_CONC__GLOBAL__1858,DAT_CO2_CONC__GLOBAL__1859,DAT_CO2_CONC__GLOBAL__1860,DAT_CO2_CONC__GLOBAL__1861,DAT_CO2_CONC__GLOBAL__1862,DAT_CO2_CONC__GLOBAL__1863,DAT_CO2_CONC__GLOBAL__1864,DAT_CO2_CONC__GLOBAL__1865,DAT_CO2_CONC__GLOBAL__1866,DAT_CO2_CONC__GLOBAL__1867,DAT_CO2_CONC__GLOBAL__1868,DAT_CO2_CONC__GLOBAL__1869,DAT_CO2_CONC__GLOBAL__1870,DAT_CO2_CONC__GLOBAL__1871,DAT_CO2_CONC__GLOBAL__1872,DAT_CO2_CONC__GLOBAL__1873,DAT_CO2_CONC__GLOBAL__1874,DAT_CO2_CONC__GLOBAL__1875,DAT_CO2_CONC__GLOBAL__1876,DAT_CO2_CONC__GLOBAL__1877,DAT_CO2_CONC__GLOBAL__1878,DAT_CO2_CONC__GLOBAL__1879,DAT_CO2_CONC__GLOBAL__1880,DAT_CO2_CONC__GLOBAL__1881,DAT_CO2_CONC__GLOBAL__1882,DAT_CO2_CONC__GLOBAL__1883,DAT_CO2_CONC__GLOBAL__1884,DAT_CO2_CONC__GLOBAL__1885,DAT_CO2_CONC__GLOBAL__1886,DAT_CO2_CONC__GLOBAL__1887,DAT_CO2_CONC__GLOBAL__1888,DAT_CO2_CONC__GLOBAL__1889,DAT_CO2_CONC__GLOBAL__1890,DAT_CO2_CONC__GLOBAL__1891,DAT_CO2_CONC__GLOBAL__1892,DAT_CO2_CONC__GLOBAL__1893,DAT_CO2_CONC__GLOBAL__1894,DAT_CO2_CONC__GLOBAL__1895,DAT_CO2_CONC__GLOBAL__1896,DAT_CO2_CONC__GLOBAL__1897,DAT_CO2_CONC__GLOBAL__1898,DAT_CO2_CONC__GLOBAL__1899,DAT_CO2_CONC__GLOBAL__1900,DAT_CO2_CONC__GLOBAL__1901,DAT_CO2_CONC__GLOBAL__1902,DAT_CO2_CONC__GLOBAL__1903,DAT_CO2_CONC__GLOBAL__1904,DAT_CO2_CONC__GLOBAL__1905,DAT_CO2_CONC__GLOBAL__1906,DAT_CO2_CONC__GLOBAL__1907,DAT_CO2_CONC__GLOBAL__1908,DAT_CO2_CONC__GLOBAL__1909,DAT_CO2_CONC__GLOBAL__1910,DAT_CO2_CONC__GLOBAL__1911,DAT_CO2_CONC__GLOBAL__1912,DAT_CO2_CONC__GLOBAL__1913,DAT_CO2_CONC__GLOBAL__1914,DAT_CO2_CONC__GLOBAL__1915,DAT_CO2_CONC__GLOBAL__1916,DAT_CO2_CONC__GLOBAL__1917,DAT_CO2_CONC__GLOBAL__1918,DAT_CO2_CONC__GLOBAL__1919,DAT_CO2_CONC__GLOBAL__1920,DAT_CO2_CONC__GLOBAL__1921,DAT_CO2_CONC__GLOBAL__1922,DAT_CO2_CONC__GLOBAL__1923,DAT_CO2_CONC__GLOBAL__1924,DAT_CO2_CONC__GLOBAL__1925,DAT_CO2_CONC__GLOBAL__1926,DAT_CO2_CONC__GLOBAL__1927,DAT_CO2_CONC__GLOBAL__1928,DAT_CO2_CONC__GLOBAL__1929,DAT_CO2_CONC__GLOBAL__1930,DAT_CO2_CONC__GLOBAL__1931,DAT_CO2_CONC__GLOBAL__1932,DAT_CO2_CONC__GLOBAL__1933,DAT_CO2_CONC__GLOBAL__1934,DAT_CO2_CONC__GLOBAL__1935,DAT_CO2_CONC__GLOBAL__1936,DAT_CO2_CONC__GLOBAL__1937,DAT_CO2_CONC__GLOBAL__1938,DAT_CO2_CONC__GLOBAL__1939,DAT_CO2_CONC__GLOBAL__1940,DAT_CO2_CONC__GLOBAL__1941,DAT_CO2_CONC__GLOBAL__1942,DAT_CO2_CONC__GLOBAL__1943,DAT_CO2_CONC__GLOBAL__1944,DAT_CO2_CONC__GLOBAL__1945,DAT_CO2_CONC__GLOBAL__1946,DAT_CO2_CONC__GLOBAL__1947,DAT_CO2_CONC__GLOBAL__1948,DAT_CO2_CONC__GLOBAL__1949,DAT_CO2_CONC__GLOBAL__1950,DAT_CO2_CONC__GLOBAL__1951,DAT_CO2_CONC__GLOBAL__1952,DAT_CO2_CONC__GLOBAL__1953,DAT_CO2_CONC__GLOBAL__1954,DAT_CO2_CONC__GLOBAL__1955,DAT_CO2_CONC__GLOBAL__1956,DAT_CO2_CONC__GLOBAL__1957,DAT_CO2_CONC__GLOBAL__1958,DAT_CO2_CONC__GLOBAL__1959,DAT_CO2_CONC__GLOBAL__1960,DAT_CO2_CONC__GLOBAL__1961,DAT_CO2_CONC__GLOBAL__1962,DAT_CO2_CONC__GLOBAL__1963,DAT_CO2_CONC__GLOBAL__1964,DAT_CO2_CONC__GLOBAL__1965,DAT_CO2_CONC__GLOBAL__1966,DAT_CO2_CONC__GLOBAL__1967,DAT_CO2_CONC__GLOBAL__1968,DAT_CO2_CONC__GLOBAL__1969,DAT_CO2_CONC__GLOBAL__1970,DAT_CO2_CONC__GLOBAL__1971,DAT_CO2_CONC__GLOBAL__1972,DAT_CO2_CONC__GLOBAL__1973,DAT_CO2_CONC__GLOBAL__1974,DAT_CO2_CONC__GLOBAL__1975,DAT_CO2_CONC__GLOBAL__1976,DAT_CO2_CONC__GLOBAL__1977,DAT_CO2_CONC__GLOBAL__1978,DAT_CO2_CONC__GLOBAL__1979,DAT_CO2_CONC__GLOBAL__1980,DAT_CO2_CONC__GLOBAL__1981,DAT_CO2_CONC__GLOBAL__1982,DAT_CO2_CONC__GLOBAL__1983,DAT_CO2_CONC__GLOBAL__1984,DAT_CO2_CONC__GLOBAL__1985,DAT_CO2_CONC__GLOBAL__1986,DAT_CO2_CONC__GLOBAL__1987,DAT_CO2_CONC__GLOBAL__1988,DAT_CO2_CONC__GLOBAL__1989,DAT_CO2_CONC__GLOBAL__1990,DAT_CO2_CONC__GLOBAL__1991,DAT_CO2_CONC__GLOBAL__1992,DAT_CO2_CONC__GLOBAL__1993,DAT_CO2_CONC__GLOBAL__1994,DAT_CO2_CONC__GLOBAL__1995,DAT_CO2_CONC__GLOBAL__1996,DAT_CO2_CONC__GLOBAL__1997,DAT_CO2_CONC__GLOBAL__1998,DAT_CO2_CONC__GLOBAL__1999,DAT_CO2_CONC__GLOBAL__2000,DAT_CO2_CONC__GLOBAL__2001,DAT_CO2_CONC__GLOBAL__2002,DAT_CO2_CONC__GLOBAL__2003,DAT_CO2_CONC__GLOBAL__2004,DAT_CO2_CONC__GLOBAL__2005,DAT_CO2_CONC__GLOBAL__2006,DAT_CO2_CONC__GLOBAL__2007,DAT_CO2_CONC__GLOBAL__2008,DAT_CO2_CONC__GLOBAL__2009,DAT_CO2_CONC__GLOBAL__2010,DAT_CO2_CONC__GLOBAL__2011,DAT_CO2_CONC__GLOBAL__2012,DAT_CO2_CONC__GLOBAL__2013,DAT_CO2_CONC__GLOBAL__2014,DAT_CO2_CONC__GLOBAL__2015,DAT_CO2_CONC__GLOBAL__2016,DAT_CO2_CONC__GLOBAL__2017,DAT_CO2_CONC__GLOBAL__2018,DAT_CO2_CONC__GLOBAL__2019,DAT_CO2_CONC__GLOBAL__2020,DAT_CO2_CONC__GLOBAL__2021,DAT_CO2_CONC__GLOBAL__2022,DAT_CO2_CONC__GLOBAL__2023,DAT_CO2_CONC__GLOBAL__2024,DAT_CO2_CONC__GLOBAL__2025,DAT_CO2_CONC__GLOBAL__2026,DAT_CO2_CONC__GLOBAL__2027,DAT_CO2_CONC__GLOBAL__2028,DAT_CO2_CONC__GLOBAL__2029,DAT_CO2_CONC__GLOBAL__2030,DAT_CO2_CONC__GLOBAL__2031,DAT_CO2_CONC__GLOBAL__2032,DAT_CO2_CONC__GLOBAL__2033,DAT_CO2_CONC__GLOBAL__2034,DAT_CO2_CONC__GLOBAL__2035,DAT_CO2_CONC__GLOBAL__2036,DAT_CO2_CONC__GLOBAL__2037,DAT_CO2_CONC__GLOBAL__2038,DAT_CO2_CONC__GLOBAL__2039,DAT_CO2_CONC__GLOBAL__2040,DAT_CO2_CONC__GLOBAL__2041,DAT_CO2_CONC__GLOBAL__2042,DAT_CO2_CONC__GLOBAL__2043,DAT_CO2_CONC__GLOBAL__2044,DAT_CO2_CONC__GLOBAL__2045,DAT_CO2_CONC__GLOBAL__2046,DAT_CO2_CONC__GLOBAL__2047,DAT_CO2_CONC__GLOBAL__2048,DAT_CO2_CONC__GLOBAL__2049,DAT_CO2_CONC__GLOBAL__2050,DAT_CO2_CONC__GLOBAL__2051,DAT_CO2_CONC__GLOBAL__2052,DAT_CO2_CONC__GLOBAL__2053,DAT_CO2_CONC__GLOBAL__2054,DAT_CO2_CONC__GLOBAL__2055,DAT_CO2_CONC__GLOBAL__2056,DAT_CO2_CONC__GLOBAL__2057,DAT_CO2_CONC__GLOBAL__2058,DAT_CO2_CONC__GLOBAL__2059,DAT_CO2_CONC__GLOBAL__2060,DAT_CO2_CONC__GLOBAL__2061,DAT_CO2_CONC__GLOBAL__2062,DAT_CO2_CONC__GLOBAL__2063,DAT_CO2_CONC__GLOBAL__2064,DAT_CO2_CONC__GLOBAL__2065,DAT_CO2_CONC__GLOBAL__2066,DAT_CO2_CONC__GLOBAL__2067,DAT_CO2_CONC__GLOBAL__2068,DAT_CO2_CONC__GLOBAL__2069,DAT_CO2_CONC__GLOBAL__2070,DAT_CO2_CONC__GLOBAL__2071,DAT_CO2_CONC__GLOBAL__2072,DAT_CO2_CONC__GLOBAL__2073,DAT_CO2_CONC__GLOBAL__2074,DAT_CO2_CONC__GLOBAL__2075,DAT_CO2_CONC__GLOBAL__2076,DAT_CO2_CONC__GLOBAL__2077,DAT_CO2_CONC__GLOBAL__2078,DAT_CO2_CONC__GLOBAL__2079,DAT_CO2_CONC__GLOBAL__2080,DAT_CO2_CONC__GLOBAL__2081,DAT_CO2_CONC__GLOBAL__2082,DAT_CO2_CONC__GLOBAL__2083,DAT_CO2_CONC__GLOBAL__2084,DAT_CO2_CONC__GLOBAL__2085,DAT_CO2_CONC__GLOBAL__2086,DAT_CO2_CONC__GLOBAL__2087,DAT_CO2_CONC__GLOBAL__2088,DAT_CO2_CONC__GLOBAL__2089,DAT_CO2_CONC__GLOBAL__2090,DAT_CO2_CONC__GLOBAL__2091,DAT_CO2_CONC__GLOBAL__2092,DAT_CO2_CONC__GLOBAL__2093,DAT_CO2_CONC__GLOBAL__2094,DAT_CO2_CONC__GLOBAL__2095,DAT_CO2_CONC__GLOBAL__2096,DAT_CO2_CONC__GLOBAL__2097,DAT_CO2_CONC__GLOBAL__2098,DAT_CO2_CONC__GLOBAL__2099,DAT_CO2_CONC__GLOBAL__2100,DAT_CO2_CONC__NHOCEAN__1990,
0.4,0.3,0.2,0.1,2.50000000000,277.935500000,277.987500000,278.047500000,278.106500000,278.164500000,278.232000000,278.302000000,278.373000000,278.451500000,278.538500000,278.634500000,278.728500000,278.820000000,278.912500000,279.006500000,279.099500000,279.194000000,279.291499500,279.387000000,279.483000000,279.580500000,279.679000000,279.780000000,279.882000000,279.985000000,280.089000000,280.191000000,280.286500000,280.373500000,280.453500000,280.523500000,280.589000000,280.652500000,280.717499500,280.793500000,280.876500000,280.956499500,281.033500000,281.115000000,281.195500000,281.278000000,281.365500000,281.452500000,281.531000000,281.607000000,281.683000000,281.753999500,281.824000000,281.894500000,281.961499500,282.025500000,282.093000000,282.163499500,282.236000000,282.309000000,282.380500000,282.446000000,282.508500000,282.579000000,282.647000000,282.684500000,282.693000000,282.700499500,282.734500000,282.793000000,282.857999500,282.906500000,282.944000000,282.996999500,283.057000000,283.117500000,283.173499500,283.225500000,283.282000000,283.346500000,283.424500000,283.497500000,283.547000000,283.587499500,283.667000000,283.786000000,283.891499500,284.002000000,284.137500000,284.262000000,284.384000000,284.524500000,284.664500000,284.788500000,284.893499500,284.995000000,285.126500000,285.286499500,285.457000000,285.641999500,285.836000000,286.016500000,286.185500000,286.356500000,286.527999500,286.697500000,286.867999500,287.029999500,287.164999500,287.289999500,287.424499500,287.578999500,287.761999500,287.960499500,288.175999500,288.405499500,288.635999500,288.872499500,289.106999500,289.345499500,289.603499500,289.877999500,290.140999000,290.387499000,290.654499000,290.948499000,291.256999000,291.588499000,291.937999000,292.285499000,292.636999000,292.991499000,293.321999000,293.633999000,293.934999000,294.221999000,294.505499000,294.799999000,295.126998500,295.487498500,295.840998500,296.165997500,296.489497000,296.803997000,297.121496000,297.475495500,297.879995000,298.307994500,298.726994000,299.156493000,299.602993000,300.090992000,300.631491500,301.164491000,301.677990500,302.210990000,302.747989500,303.229989000,303.631488500,304.029988000,304.422987500,304.772487000,305.107986500,305.450485500,305.721485500,305.883485000,306.065484000,306.252984000,306.411983000,306.557482500,306.720982000,306.957482000,307.247481500,307.593481000,308.005980000,308.619480000,309.387979000,310.028978500,310.572478000,311.103977500,311.583976500,311.991476000,312.280975500,312.401474500,312.398974500,312.387474500,312.437974000,312.503473000,312.576472500,312.726471500,312.917471000,313.177970000,313.535970000,313.912469000,314.254968500,314.556467500,314.844966500,315.168466000,315.575965500,316.215964500,316.961964000,317.671463000,318.346962500,318.991462000,319.574461000,320.347960500,321.179959500,321.934458500,322.819957500,324.016956500,325.091455500,326.374454500,328.628953500,330.332453000,330.791452000,331.185951500,332.448950500,334.181449500,335.807449000,337.654948500,339.381948000,340.351447500,341.454947000,343.136948500,344.733451500,346.180951000,347.838947500,350.025440000,352.084927000,353.483425500,354.712932500,355.790942000,356.576953500,357.589460500,359.246459000,361.121959000,362.628461500,364.592460000,366.888966500,368.484977500,369.898985000,371.753992000,374.122994500,376.198999000,377.947004000,379.958506000,381.806516000,383.671022000,385.509518500,387.498524000,389.830522000,391.980003500,394.370486000,396.635978000,398.457975500,400.932738548,403.282405246,405.637385396,407.981447832,410.320315292,412.655571955,414.988686913,417.099747702,419.013042957,420.735744166,422.277022385,423.643720288,424.841524681,425.875244852,426.749015500,427.466422464,428.031472002,428.503287931,428.877516599,429.153356804,429.329809150,429.406626265,429.383945318,429.262178978,429.041936267,428.723970692,428.309230907,427.847224521,427.333796723,426.768375676,426.149923340,425.477880977,424.751944571,423.972013041,423.138132247,422.250456705,421.309440715,420.375310627,419.441968832,418.507675942,417.570140163,416.627701610,415.679039769,414.723104146,413.759043446,412.786159689,411.803888119,410.819477410,409.831673815,408.839885647,407.843502186,406.842027409,405.835032770,404.822146392,403.803038206,402.777413339,401.744961721,400.706871979,399.662835466,398.612713229,397.556346032,396.493576306,395.424244069,394.348190217,393.265258014,392.175297723,391.078197963,389.968655669,388.847057987,387.713370612,386.567666222,385.409999684,384.240424742,383.059138076,381.866509028,380.662757226,379.447913522,378.221173021,376.982732590,375.732757893,374.471432433,373.198925435,371.915389969,370.620968147,369.315793520,367.999995129,355.813700000,
0.8,0.1,0.0,0.0,3.00000000000,277.935500000,277.987500000,278.047500000,278.106500000,278.164500000,278.232000000,278.302000000,278.373000000,278.451500000,278.538500000,278.634500000,278.728500000,278.820000000,278.912500000,279.006500000,279.099500000,279.194000000,279.291499500,279.387000000,279.483000000,279.580500000,279.679000000,279.780000000,279.882000000,279.985000000,280.089000000,280.191000000,280.286500000,280.373500000,280.453500000,280.523500000,280.589000000,280.652500000,280.717499500,280.793500000,280.876500000,280.956499500,281.033500000,281.115000000,281.195500000,281.278000000,281.365500000,281.452500000,281.531000000,281.607000000,281.683000000,281.753999500,281.824000000,281.894500000,281.961499500,282.025500000,282.093000000,282.163499500,282.236000000,282.309000000,282.380500000,282.446000000,282.508500000,282.579000000,282.647000000,282.684500000,282.693000000,282.700499500,282.734500000,282.793000000,282.857999500,282.906500000,282.944000000,282.996999500,283.057000000,283.117500000,283.173499500,283.225500000,283.282000000,283.346500000,283.424500000,283.497500000,283.547000000,283.587499500,283.667000000,283.786000000,283.891499500,284.002000000,284.137500000,284.262000000,284.384000000,284.524500000,284.664500000,284.788500000,284.893499500,284.995000000,285.126500000,285.286499500,285.457000000,285.641999500,285.836000000,286.016500000,286.185500000,286.356500000,286.527999500,286.697500000,286.867999500,287.029999500,287.164999500,287.289999500,287.424499500,287.578999500,287.761999500,287.960499500,288.175999500,288.405499500,288.635999500,288.872499500,289.106999500,289.345499500,289.603499500,289.877999500,290.140999000,290.387499000,290.654499000,290.948499000,291.256999000,291.588499000,291.937999000,292.285499000,292.636999000,292.991499000,293.321999000,293.633999000,293.934999000,294.221999000,294.505499000,294.799999000,295.126998500,295.487498500,295.840998500,296.165997500,296.489497000,296.803997000,297.121496000,297.475495500,297.879995000,298.307994500,298.726994000,299.156493000,299.602993000,300.090992000,300.631491500,301.164491000,301.677990500,302.210990000,302.747989500,303.229989000,303.631488500,304.029988000,304.422987500,304.772487000,305.107986500,305.450485500,305.721485500,305.883485000,306.065484000,306.252984000,306.411983000,306.557482500,306.720982000,306.957482000,307.247481500,307.593481000,308.005980000,308.619480000,309.387979000,310.028978500,310.572478000,311.103977500,311.583976500,311.991476000,312.280975500,312.401474500,312.398974500,312.387474500,312.437974000,312.503473000,312.576472500,312.726471500,312.917471000,313.177970000,313.535970000,313.912469000,314.254968500,314.556467500,314.844966500,315.168466000,315.575965500,316.215964500,316.961964000,317.671463000,318.346962500,318.991462000,319.574461000,320.347960500,321.179959500,321.934458500,322.819957500,324.016956500,325.091455500,326.374454500,328.628953500,330.332453000,330.791452000,331.185951500,332.448950500,334.181449500,335.807449000,337.654948500,339.381948000,340.351447500,341.454947000,343.136948500,344.733451500,346.180951000,347.838947500,350.025440000,352.084927000,353.483425500,354.712932500,355.790942000,356.576953500,357.589460500,359.246459000,361.121959000,362.628461500,364.592460000,366.888966500,368.484977500,369.898985000,371.753992000,374.122994500,376.198999000,377.947004000,379.958506000,381.806516000,383.671022000,385.509518500,387.498524000,389.830522000,391.980003500,394.370486000,396.635978000,398.457975500,401.021310537,403.452454179,405.888989307,408.313712839,410.733236467,413.149613922,415.564683074,417.758704504,419.756272580,421.564776447,423.193541616,424.649489020,425.938304608,427.064753554,428.032898185,428.846214814,429.508568101,430.078974370,430.553002796,430.929618994,431.207541846,431.386238075,431.465571484,431.445699239,431.326993368,431.109988519,430.795430621,430.432644015,430.017320749,429.548715428,429.025637259,428.447388979,427.813545255,427.123898172,426.378400648,425.577125747,424.720453413,423.868571634,423.015386434,422.159090234,421.297332961,420.428401496,419.550934319,418.663850341,417.766278562,416.857512140,415.936984952,415.011953425,414.081178326,413.144077149,412.200053862,411.248628426,410.289412094,409.322230415,408.346927474,407.363235014,406.370877641,405.371077495,404.363564497,403.348242434,402.324997808,401.293719814,400.254297622,399.206617014,398.150564204,397.086028173,396.012939974,394.926036130,393.825737231,392.712042719,391.585054727,390.444859319,389.291543233,388.125195610,386.945903246,385.753754208,384.548812046,383.330295234,382.098419192,380.853365158,379.595332830,378.324504138,377.041044709,375.745106549,374.436830919,373.116351417,365.813700000,
