[[('RI', 'OUT'), ('SHUMELA', 'OUT'), ('VHONE', 'OUT')], [('Mbudziso', 'OUT'), ('na', 'OUT'), ('Phindulo', 'OUT')], [('GEP', 'OUT'), ('ndi', 'OUT'), ('nnyi', 'OUT'), ('?', 'OUT')], [('Gauteng', 'B-ORG'), ('Enterprise', 'I-ORG'), ('Propeller', 'I-ORG'), ('(', 'OUT'), ('GEP', 'B-ORG'), (')', 'OUT'), ('ndi', 'OUT'), ('Zhendedzi', 'OUT'), ('ḽe', 'OUT'), ('ḽa', 'OUT'), ('thomiwa', 'OUT'), ('nga', 'OUT'), ('Muvhuso', 'OUT'), ('wa', 'OUT'), ('Vunḓu', 'OUT'), ('wa', 'OUT'), ('Gauteng', 'B-ORG'), ('hu', 'OUT'), ('na', 'OUT'), ('thikhedzo', 'OUT'), ('ya', 'OUT'), ('Muhasho', 'B-ORG'), ('wa', 'I-ORG'), ('Mveledziso', 'I-ORG'), ('ya', 'I-ORG'), ('Ikonomi', 'I-ORG'), (',', 'OUT'), ('ḽi', 'OUT'), ('na', 'OUT'), ('maanḓa', 'OUT'), ('o', 'OUT'), ('tewaho', 'OUT'), ('a', 'OUT'), ('u', 'OUT'), ('ṋetshedza', 'OUT'), ('thikhedzo', 'OUT'), ('na', 'OUT'), ('mveledziso', 'OUT'), ('ya', 'OUT'), ('SMME', 'B-ORG'), ('Vunduni', 'I-ORG'), ('ḽa', 'I-ORG'), ('Gauteng', 'I-ORG'), ('hu', 'OUT'), ('tshi', 'OUT'), ('shumiswa', 'OUT'), ('thikhedzo', 'OUT'), ('ya', 'OUT'), ('zwa', 'OUT'), ('masheleni', 'OUT'), ('na', 'OUT'), ('ine', 'OUT'), ('i', 'OUT'), ('si', 'OUT'), ('vhe', 'OUT'), ('ya', 'OUT'), ('masheleni', 'OUT'), ('.', 'OUT')], [('Ndi', 'OUT'), ('ngani', 'OUT'), ('ho', 'OUT'), ('thomiwa', 'OUT'), ('GEP', 'B-ORG'), ('?', 'OUT')]]